// Jest Snapshot v1, https://goo.gl/fbAQLP

exports[`Login Page Component matches snapshot 1`] = `
<DocumentFragment>
  <div
    data-testid="login-form"
  >
    LoginForm Mock
  </div>
</DocumentFragment>
`;
