// Jest Snapshot v1, https://goo.gl/fbAQLP

exports[`Header Component matches snapshot 1`] = `
<DocumentFragment>
  <header
    class="bg-white text-emerald-900 font-['Fira_Sans'] flex justify-between items-center p-3"
  >
    <div
      class="bg-green-100 flex items-center space-x-2 rounded-2xl p-2 m-1"
    >
      <img
        alt="Logo de ReVive"
        class="h-10 w-10"
        src="./assets/logo.svg"
      />
      <a
        class="font-bold"
        data-discover="true"
        href="/home"
      >
        ReVive
      </a>
    </div>
    <button
      class="md:hidden block text-emerald-900"
    >
      <svg
        aria-hidden="true"
        class="h-8 w-8"
        data-slot="icon"
        fill="currentColor"
        viewBox="0 0 24 24"
        xmlns="http://www.w3.org/2000/svg"
      >
        <path
          clip-rule="evenodd"
          d="M3 6.75A.75.75 0 0 1 3.75 6h16.5a.75.75 0 0 1 0 1.5H3.75A.75.75 0 0 1 3 6.75ZM3 12a.75.75 0 0 1 .75-.75h16.5a.75.75 0 0 1 0 1.5H3.75A.75.75 0 0 1 3 12Zm0 5.25a.75.75 0 0 1 .75-.75h16.5a.75.75 0 0 1 0 1.5H3.75a.75.75 0 0 1-.75-.75Z"
          fill-rule="evenodd"
        />
      </svg>
    </button>
    <nav
      class="flex items-center space-x-2 md:flex hidden md:block"
    >
      <a
        class="py-2 px-4"
        data-discover="true"
        href="/home"
      >
        Inicio
      </a>
      <a
        class="py-2 px-4"
        data-discover="true"
        href="/products"
      >
        Productos
      </a>
      <a
        class="py-2 px-4"
        data-discover="true"
        href="/about"
      >
        Sobre nosotres
      </a>
      <a
        class="py-2 px-4"
        data-discover="true"
        href="/register"
      >
        Registrarse
      </a>
      <a
        class="py-2 px-4"
        data-discover="true"
        href="/login"
      >
        Iniciar sesi√≥n
      </a>
      <a
        class="relative"
        data-discover="true"
        href="/cart"
      >
        Carrito
      </a>
    </nav>
  </header>
</DocumentFragment>
`;
